馃攳 Testing Main Generator Pages Translation Protection

================================================================================

馃搫 Integer Generator
   Path: src/app/numbers/integers/page.tsx
   URL: /numbers/integers
   鉁?All checks passed!

馃搫 Name Generator
   Path: src/app/lists/names/page.tsx
   URL: /lists/names
   鉁?All checks passed!

馃搫 Password Generator
   Path: src/app/lists/passwords/page.tsx
   URL: /lists/passwords
   鉁?All checks passed!

馃搫 Lottery Generator
   Path: src/app/games/lottery/page.tsx
   URL: /games/lottery
   鉁?All checks passed!

馃搫 Lorem Generator
   Path: src/app/lists/lorem/page.tsx
   URL: /lists/lorem
   鉁?All checks passed!

馃搫 Color Generator
   Path: src/app/design/colors/page.tsx
   URL: /design/colors
   鉁?All checks passed!

================================================================================
馃搳 Summary:
   Total Generators: 6
   Passed: 6
   Failed: 0
   Total Issues: 0

馃帀 All main generators have translation protection!

馃摑 Translation Protection Features:
   鉁?useTranslationProtection hook imported
   鉁?containerRef applied to main container
   鉁?Generate buttons protected with translate="no"
   鉁?Interactive elements marked with data-interactive
   鉁?notranslate class added to buttons

馃И Testing Instructions:
   1. Open any generator page in browser
   2. Enable Google Translate extension
   3. Translate page to Chinese/other language
   4. Click generate button - should work without DOM errors
   5. Verify generated results display correctly
